error: unexpected token, expected `}`
  --> tests/ui/compile-fail/zeroable/with_comma.rs:12:29
   |
12 |         ..Zeroable::zeroed(),
   |                             ^
